---
source: src/workspace/tests.rs
expression: workspace
---
Workspace {
    info: WorkspaceInfo {
        name: "my-workspace",
        project_paths: [
            Glob {
                glob: "**",
                re: "(?-u)^.*$",
                opts: GlobOptions {
                    case_insensitive: false,
                    literal_separator: false,
                    backslash_escape: true,
                },
                tokens: Tokens(
                    [
                        RecursivePrefix,
                    ],
                ),
            },
        ],
        root_path: WorkspaceRoot(
            "/Users/graeme/src/unknown/src/workspace/test-data/",
        ),
    },
    project_map: {
        ProjectRef(
            ValidPath {
                workspace_root: WorkspaceRoot(
                    "/Users/graeme/src/unknown/src/workspace/test-data/",
                ),
                subpath: "projects/a-lib",
            },
        ): ProjectInfo {
            name: "a-lib",
            dependencies: [],
            root: ValidPath {
                workspace_root: WorkspaceRoot(
                    "/Users/graeme/src/unknown/src/workspace/test-data/",
                ),
                subpath: "projects/a-lib",
            },
        },
        ProjectRef(
            ValidPath {
                workspace_root: WorkspaceRoot(
                    "/Users/graeme/src/unknown/src/workspace/test-data/",
                ),
                subpath: "projects/a-service",
            },
        ): ProjectInfo {
            name: "a-service",
            dependencies: [
                ProjectRef(
                    ValidPath {
                        workspace_root: WorkspaceRoot(
                            "/Users/graeme/src/unknown/src/workspace/test-data/",
                        ),
                        subpath: "projects/a-lib",
                    },
                ),
            ],
            root: ValidPath {
                workspace_root: WorkspaceRoot(
                    "/Users/graeme/src/unknown/src/workspace/test-data/",
                ),
                subpath: "projects/a-service",
            },
        },
    },
    task_map: {
        TaskRef(
            ProjectRef(
                ValidPath {
                    workspace_root: WorkspaceRoot(
                        "/Users/graeme/src/unknown/src/workspace/test-data/",
                    ),
                    subpath: "projects/a-lib",
                },
            ),
            "build",
        ): TaskInfo {
            project: ProjectRef(
                ValidPath {
                    workspace_root: WorkspaceRoot(
                        "/Users/graeme/src/unknown/src/workspace/test-data/",
                    ),
                    subpath: "projects/a-lib",
                },
            ),
            project_name: "a-lib",
            name: "build",
            commands: [
                "echo \"build-a-lib\"",
            ],
            requires: [],
            inputs: TaskInputs {
                paths: [],
                env_vars: [],
                commands: [],
            },
        },
        TaskRef(
            ProjectRef(
                ValidPath {
                    workspace_root: WorkspaceRoot(
                        "/Users/graeme/src/unknown/src/workspace/test-data/",
                    ),
                    subpath: "projects/a-lib",
                },
            ),
            "hello",
        ): TaskInfo {
            project: ProjectRef(
                ValidPath {
                    workspace_root: WorkspaceRoot(
                        "/Users/graeme/src/unknown/src/workspace/test-data/",
                    ),
                    subpath: "projects/a-lib",
                },
            ),
            project_name: "a-lib",
            name: "hello",
            commands: [
                "echo \"hello\"",
            ],
            requires: [],
            inputs: TaskInputs {
                paths: [],
                env_vars: [],
                commands: [],
            },
        },
        TaskRef(
            ProjectRef(
                ValidPath {
                    workspace_root: WorkspaceRoot(
                        "/Users/graeme/src/unknown/src/workspace/test-data/",
                    ),
                    subpath: "projects/a-service",
                },
            ),
            "build",
        ): TaskInfo {
            project: ProjectRef(
                ValidPath {
                    workspace_root: WorkspaceRoot(
                        "/Users/graeme/src/unknown/src/workspace/test-data/",
                    ),
                    subpath: "projects/a-service",
                },
            ),
            project_name: "a-service",
            name: "build",
            commands: [
                "echo \"build-a-service\"",
            ],
            requires: [
                PossibleTaskRef(
                    ProjectRef(
                        ValidPath {
                            workspace_root: WorkspaceRoot(
                                "/Users/graeme/src/unknown/src/workspace/test-data/",
                            ),
                            subpath: "projects/a-lib",
                        },
                    ),
                    "build",
                ),
                PossibleTaskRef(
                    ProjectRef(
                        ValidPath {
                            workspace_root: WorkspaceRoot(
                                "/Users/graeme/src/unknown/src/workspace/test-data/",
                            ),
                            subpath: "projects/a-service",
                        },
                    ),
                    "build",
                ),
            ],
            inputs: TaskInputs {
                paths: [],
                env_vars: [],
                commands: [],
            },
        },
        TaskRef(
            ProjectRef(
                ValidPath {
                    workspace_root: WorkspaceRoot(
                        "/Users/graeme/src/unknown/src/workspace/test-data/",
                    ),
                    subpath: "projects/a-service",
                },
            ),
            "bye",
        ): TaskInfo {
            project: ProjectRef(
                ValidPath {
                    workspace_root: WorkspaceRoot(
                        "/Users/graeme/src/unknown/src/workspace/test-data/",
                    ),
                    subpath: "projects/a-service",
                },
            ),
            project_name: "a-service",
            name: "bye",
            commands: [
                "echo \"bye\"",
            ],
            requires: [],
            inputs: TaskInputs {
                paths: [],
                env_vars: [],
                commands: [],
            },
        },
    },
    ..
}
