---
source: src/config/loader/tests.rs
expression: "load_config_from_path(\"sample-monorepo/\".into()).unwrap()"
---
ValidConfig {
    workspace_file: WorkspaceFile {
        workspace_root: WorkspaceRoot(
            "/Users/graeme/src/unknown/sample-monorepo/",
        ),
        config: WorkspaceDefinition {
            name: "my-workspace",
            project_paths: [
                Glob(
                    Glob {
                        glob: "**",
                        re: "(?-u)^.*$",
                        opts: GlobOptions {
                            case_insensitive: false,
                            literal_separator: false,
                            backslash_escape: true,
                        },
                        tokens: Tokens(
                            [
                                RecursivePrefix,
                            ],
                        ),
                    },
                ),
            ],
        },
        source: ConfigSource {
            filename: "workspace.kdl",
            ..
        },
    },
    project_files: [
        ValidProjectFile {
            project_root: ValidPath {
                workspace_root: WorkspaceRoot(
                    "/Users/graeme/src/unknown/sample-monorepo/",
                ),
                subpath: "projects/a-service",
            },
            config: ProjectDefinition {
                project: "a-service",
                dependencies: [
                    ValidPath {
                        workspace_root: WorkspaceRoot(
                            "/Users/graeme/src/unknown/sample-monorepo/",
                        ),
                        subpath: "projects/a-lib",
                    },
                ],
                tasks: TaskBlock {
                    imports: [],
                    tasks: [
                        TaskDefinition {
                            name: "build",
                            commands: [
                                "echo \"build-a-service\"",
                            ],
                            requires: [
                                TaskRequires {
                                    task: "build",
                                    target: Some(
                                        DependenciesOfCurrent,
                                    ),
                                },
                            ],
                            input_blocks: [],
                            source: ConfigSource {
                                filename: "projects/a-service/project.kdl",
                                ..
                            },
                        },
                        TaskDefinition {
                            name: "bye",
                            commands: [
                                "echo \"bye\"",
                            ],
                            requires: [],
                            input_blocks: [],
                            source: ConfigSource {
                                filename: "projects/a-service/bye.nabs",
                                ..
                            },
                        },
                    ],
                },
            },
            source: ConfigSource {
                filename: "projects/a-service/project.kdl",
                ..
            },
        },
        ValidProjectFile {
            project_root: ValidPath {
                workspace_root: WorkspaceRoot(
                    "/Users/graeme/src/unknown/sample-monorepo/",
                ),
                subpath: "projects/a-lib",
            },
            config: ProjectDefinition {
                project: "a-lib",
                dependencies: [],
                tasks: TaskBlock {
                    imports: [],
                    tasks: [
                        TaskDefinition {
                            name: "build",
                            commands: [
                                "echo \"build-a-lib\"",
                            ],
                            requires: [],
                            input_blocks: [],
                            source: ConfigSource {
                                filename: "projects/a-lib/project.kdl",
                                ..
                            },
                        },
                        TaskDefinition {
                            name: "hello",
                            commands: [
                                "echo \"hello\"",
                            ],
                            requires: [],
                            input_blocks: [],
                            source: ConfigSource {
                                filename: "tasks/hello.nabs",
                                ..
                            },
                        },
                        TaskDefinition {
                            name: "hello2",
                            commands: [
                                "echo \"hello\"",
                            ],
                            requires: [],
                            input_blocks: [],
                            source: ConfigSource {
                                filename: "tasks/hello2.nabs",
                                ..
                            },
                        },
                    ],
                },
            },
            source: ConfigSource {
                filename: "projects/a-lib/project.kdl",
                ..
            },
        },
    ],
}
