---
source: src/config/loader/tests.rs
expression: "render_miette(err, &test_files)"
---

  × Errors occurred when validating your configuration

Error: 
  × Path doesn't seem to exist: //project/missing.nabs
   ╭─[project/project.kdl:3:1]
 3 │ tasks {
 4 │     import "missing.nabs"
   ·            ───────┬──────
   ·                   ╰── the path is referenced here
 5 │ }
   ╰────
  help: paths can be relative to the current file or absolute to the root of the workspace

