---
source: src/config/loader/tests.rs
expression: "render_miette(err, &test_files)"
---

  × Encountered some errors when validating config files

Error: 
  × The provided path was not in the workspace: //task.kdl
   ╭─[project/project.kdl:2:1]
 2 │ tasks {
 3 │     import "../../task.kdl"
   ·            ────────┬───────
   ·                    ╰── the path is referenced here
 4 │ }
   ╰────

