---
source: src/config/tests.rs
assertion_line: 27
expression: "parse_workspace_file(&PathBuf::from(\"blah/workspace.kdl\"),\n        &str_data).map_err(|e| miette::Report::new(e.0))"
---
Ok(
    WorkspaceFile {
        workspace_root: "blah",
        config: WorkspaceDefinition {
            name: "my-workspace",
            project_paths: [
                "**",
            ],
        },
    },
)
